// Jest Snapshot v1, https://goo.gl/fbAQLP

exports[`test in Header.jsx should render <Header /> 1`] = `
<header
  className="header"
>
  Header
</header>
`;
