// Jest Snapshot v1, https://goo.gl/fbAQLP

exports[`test in Box.jsx should render <Box /> 1`] = `
<div
  className="box"
/>
`;
