// Jest Snapshot v1, https://goo.gl/fbAQLP

exports[`test in Button.jsx should render <Button /> 1`] = `
<button
  className="container"
  onClick={[Function]}
/>
`;
