// Jest Snapshot v1, https://goo.gl/fbAQLP

exports[`test in CardResult.jsx should render <CardResult /> 1`] = `
<div
  className="card-result"
/>
`;
