// Jest Snapshot v1, https://goo.gl/fbAQLP

exports[`test in Text.jsx should render <Text /> 1`] = `
<p
  className="paragraph"
/>
`;
