// Jest Snapshot v1, https://goo.gl/fbAQLP

exports[`test in Container.jsx should render <Container /> 1`] = `
<div
  className="container"
/>
`;
